
> lead-scraper-extension@1.0.0 build
> webpack --mode production

assets by status 1.41 MiB [1m[32m[cached][39m[22m 9 assets
Entrypoint [1mpopup[39m[22m = [1m[32mpopup.css[39m[22m [1m[32mpopup.js[39m[22m
Entrypoint [1mbackground[39m[22m = [1m[32mbackground.js[39m[22m
Entrypoint [1mcontent[39m[22m = [1m[32mcontent.js[39m[22m
orphan modules 61.8 KiB (javascript) 937 bytes (runtime) [1m[33m[orphan][39m[22m 20 modules
cacheable modules 192 KiB (javascript) 23 KiB (css/mini-extract)
  modules by path [1m./node_modules/[39m[22m 142 KiB
    modules by path [1m./node_modules/react-dom/[39m[22m 131 KiB 3 modules
    modules by path [1m./node_modules/react/[39m[22m 6.95 KiB 2 modules
    modules by path [1m./node_modules/scheduler/[39m[22m 4.33 KiB
      [1m./node_modules/scheduler/index.js[39m[22m 198 bytes [1m[33m[built][39m[22m [1m[33m[code generated][39m[22m
      [1m./node_modules/scheduler/cjs/scheduler.production.min.js[39m[22m 4.14 KiB [1m[33m[built][39m[22m [1m[33m[code generated][39m[22m
  modules by path [1m./src/[39m[22m 50.4 KiB (javascript) 23 KiB (css/mini-extract)
    modules by path [1m./src/popup/[39m[22m 23.6 KiB (javascript) 23 KiB (css/mini-extract)
      [1m./src/popup/popup.tsx + 8 modules[39m[22m 23.6 KiB [1m[33m[built][39m[22m [1m[33m[code generated][39m[22m
      css ./node_modules/css-loader/dist/cjs.js!./node_modules/postcss-loader/dist/cjs.js![1m./src/popup/styles.css[39m[22m 23 KiB [1m[33m[built][39m[22m [1m[33m[code generated][39m[22m
    [1m./src/background/background.ts[39m[22m 670 bytes [1m[33m[built][39m[22m [1m[33m[code generated][39m[22m [1m[31m[2 errors][39m[22m
    [1m./src/content/index.ts + 6 modules[39m[22m 26.1 KiB [1m[33m[built][39m[22m [1m[33m[code generated][39m[22m

[1m[31mERROR[39m[22m in [1mC:\Github Projects\GMAPExtractor\src\background\background.ts[39m[22m
[1m./src/background/background.ts[39m[22m [1m[32m14:56-62[39m[22m
[1m[tsl] [1m[31mERROR[39m[22m[1m in C:\Github Projects\GMAPExtractor\src\background\background.ts(14,57)
      TS6133: 'sender' is declared but its value is never read.[39m[22m

[1m[31mERROR[39m[22m in [1mC:\Github Projects\GMAPExtractor\src\background\background.ts[39m[22m
[1m./src/background/background.ts[39m[22m [1m[32m14:64-76[39m[22m
[1m[tsl] [1m[31mERROR[39m[22m[1m in C:\Github Projects\GMAPExtractor\src\background\background.ts(14,65)
      TS6133: 'sendResponse' is declared but its value is never read.[39m[22m

[1m[31mERROR[39m[22m in [1mC:\Github Projects\GMAPExtractor\src\content\genericListScraper.ts[39m[22m
[1m./src/content/genericListScraper.ts[39m[22m [1m[32m7:4-20[39m[22m
[1m[tsl] [1m[31mERROR[39m[22m[1m in C:\Github Projects\GMAPExtractor\src\content\genericListScraper.ts(7,5)
      TS6133: 'parseReviewCount' is declared but its value is never read.[39m[22m
 @ ./src/content/index.ts 3:0-58 65:33-51

[1m[31mERROR[39m[22m in [1mC:\Github Projects\GMAPExtractor\src\content\googleMapsScraper.ts[39m[22m
[1m./src/content/googleMapsScraper.ts[39m[22m [1m[32m6:4-19[39m[22m
[1m[tsl] [1m[31mERROR[39m[22m[1m in C:\Github Projects\GMAPExtractor\src\content\googleMapsScraper.ts(6,5)
      TS6133: 'getScrollHeight' is declared but its value is never read.[39m[22m
 @ ./src/content/index.ts 2:0-56 57:17-51 60:33-50

[1m[31mERROR[39m[22m in [1mC:\Github Projects\GMAPExtractor\src\content\googleMapsScraper.ts[39m[22m
[1m./src/content/googleMapsScraper.ts[39m[22m [1m[32m7:4-16[39m[22m
[1m[tsl] [1m[31mERROR[39m[22m[1m in C:\Github Projects\GMAPExtractor\src\content\googleMapsScraper.ts(7,5)
      TS6133: 'getScrollTop' is declared but its value is never read.[39m[22m
 @ ./src/content/index.ts 2:0-56 57:17-51 60:33-50

[1m[31mERROR[39m[22m in [1mC:\Github Projects\GMAPExtractor\src\content\index.ts[39m[22m
[1m[32m18:56-62[39m[22m
[1m[tsl] [1m[31mERROR[39m[22m[1m in C:\Github Projects\GMAPExtractor\src\content\index.ts(18,57)
      TS6133: 'sender' is declared but its value is never read.[39m[22m

[1m[33m6 errors have detailed information that is not shown.
Use 'stats.errorDetails: true' resp. '--stats-error-details' to show it.[39m[22m

webpack 5.103.0 compiled with [1m[31m6 errors[39m[22m in 2295 ms
